apiVersion: storage.cnrm.cloud.google.com/v1beta1
kind: StorageBucket
metadata:
  name: bucket-name
  namespace: bucket-namespace
  annotations:
    cnrm.cloud.google.com/project-id: bucket-project
    internal.config.kubernetes.io/index: '0'
    internal.config.kubernetes.io/path: 'bucket.yaml'
spec:
  storageClass: standard
  uniformBucketLevelAccess: true
  versioning:
    enabled: false
